error: `no_write` is not allowed on struct
 --> $DIR/model_struct_attr.rs:4:9
  |
4 | #[model(no_write)]
  |         ^^^^^^^^

error: `tag` is not allowed on struct
  --> $DIR/model_struct_attr.rs:10:9
   |
10 | #[model(tag(id))]
   |         ^^^

error: `column_name` is not allowed on struct
  --> $DIR/model_struct_attr.rs:16:9
   |
16 | #[model(column_name = id)]
   |         ^^^^^^^^^^^
